Error: [GoogleGenerativeAI Error]: Error fetching from https://generativelanguage.googleapis.com/v1beta/models/gemini-1.5-flash:generateContent: [404 Not Found] models/gemini-1.5-flash is not found for API version v1beta, or is not supported for generateContent. Call ModelService.ListModels to see the list of available models and their supported methods.
    at handleResponseNotOk (C:\Users\TJ WHITE\Downloads\agrisense\backend\node_modules\@google\generative-ai\dist\index.js:434:11)
    at process.processTicksAndRejections (node:internal/process/task_queues:103:5)
    at async makeRequest (C:\Users\TJ WHITE\Downloads\agrisense\backend\node_modules\@google\generative-ai\dist\index.js:403:9)
    at async generateContent (C:\Users\TJ WHITE\Downloads\agrisense\backend\node_modules\@google\generative-ai\dist\index.js:867:22)
    at async test ([eval]:9:24)